10,000.00
10.31
23/Dec/15 10:09 PM
2015-12-23T21:09:04.213Z
