
  m2 does things with 1, 2, 3
  Delegate to m1:
  m1 does things with 1, 2, 3
