  KVPs:
    a = 1
    b = 2
    a = 3
  
  Keys:
    a
    b
    a
  
  Values:
    1
    2
    3

  KVPs:
  
  Keys:
  
  Values:

