  KVPs:
    a = 3
    b = 2
  
  Keys:
    a
    b
  
  Values:
    3
    2

  KVPs:
  
  Keys:
  
  Values:

